
> webastro@0.0.1 build
> astro build

[2m11:50:20[22m [34m[content][39m Syncing content
[2m11:50:20[22m [34m[content][39m Synced content
[2m11:50:20[22m [34m[types][39m Generated [2m955ms[22m
[2m11:50:20[22m [34m[build][39m output: [34m"static"[39m
[2m11:50:20[22m [34m[build][39m mode: [34m"static"[39m
[2m11:50:20[22m [34m[build][39m directory: [34mC:\Users\PROPIETARIO\Desktop\webastro\dist\[39m
[2m11:50:20[22m [34m[build][39m Collecting build info...
[2m11:50:20[22m [34m[build][39m [32mÔ£ô Completed in 997ms.[39m
[2m11:50:20[22m [34m[build][39m Building static entrypoints...
[2m11:50:23[22m [34m[vite][39m [32mÔ£ô built in 2.56s[39m
[2m11:50:23[22m [34m[build][39m [32mÔ£ô Completed in 2.62s.[39m

[42m[30m building client (vite) [39m[49m
[2m11:50:23[22m [34m[vite][39m transforming...
[2m11:50:23[22m [34m[vite][39m [32mÔ£ô[39m 17 modules transformed.
[2m11:50:23[22m [34m[vite][39m rendering chunks...
[2m11:50:23[22m [34m[vite][39m computing gzip size...
[2m11:50:23[22m [34m[vite][39m [2mdist/[22m[36m_astro/ClientRouter.astro_astro_type_script_index_0_lang.CDGfc0hd.js  [39m[1m[2m15.36 kB[22m[1m[22m[2m Ôöé gzip: 5.28 kB[22m
[2m11:50:23[22m [34m[vite][39m [32mÔ£ô built in 136ms[39m

[42m[30m generating static routes [39m[49m
[2m11:50:23[22m [32mÔûÂ[39m src/pages/blog/index.astro
[2m11:50:23[22m   [34mÔööÔöÇ[39m [2m/blog/index.html[22m [2m(+28ms)[22m 
[2m11:50:23[22m [32mÔûÂ[39m src/pages/blog/[...slug].astro
[33m[1m11:50:23[22m [WARN] [build][39m Could not render `/blog` from route `/blog/[...slug]` as it conflicts with higher priority route `/blog`.
[33m[1m11:50:23[22m [WARN] [build][39m Could not render `/blog` from route `/blog/[...slug]` as it conflicts with higher priority route `/blog`.
[33m[1m11:50:23[22m [WARN] [build][39m Could not render `/blog` from route `/blog/[...slug]` as it conflicts with higher priority route `/blog`.
[33m[1m11:50:23[22m [WARN] [build][39m Could not render `/blog` from route `/blog/[...slug]` as it conflicts with higher priority route `/blog`.
[33m[1m11:50:23[22m [WARN] [build][39m Could not render `/blog` from route `/blog/[...slug]` as it conflicts with higher priority route `/blog`.
[33m[1m11:50:23[22m [WARN] [build][39m Could not render `/blog` from route `/blog/[...slug]` as it conflicts with higher priority route `/blog`.
[33m[1m11:50:23[22m [WARN] [build][39m Could not render `/blog` from route `/blog/[...slug]` as it conflicts with higher priority route `/blog`.
[33m[1m11:50:23[22m [WARN] [build][39m Could not render `/blog` from route `/blog/[...slug]` as it conflicts with higher priority route `/blog`.
[2m11:50:23[22m [32mÔûÂ[39m src/pages/galeria.astro
[2m11:50:23[22m   [34mÔööÔöÇ[39m [2m/galeria/index.html[22m [2m(+7ms)[22m 
[2m11:50:23[22m [32mÔûÂ[39m src/pages/nosotros.astro
[2m11:50:23[22m   [34mÔööÔöÇ[39m [2m/nosotros/index.html[22m [2m(+5ms)[22m 
[2m11:50:23[22m [35m╬╗[39m src/pages/rss.xml.js
[2m11:50:23[22m   [34mÔööÔöÇ[39m [2m/rss.xml[22m [2m(+13ms)[22m 
[2m11:50:23[22m [32mÔûÂ[39m src/pages/[tag].astro
[2m11:50:23[22m   [34mÔö£ÔöÇ[39m [2m/educaci├│n/index.html[22m [2m(+16ms)[22m 
[2m11:50:23[22m   [34mÔö£ÔöÇ[39m [2m/video/index.html[22m [2m(+6ms)[22m 
[2m11:50:23[22m   [34mÔö£ÔöÇ[39m [2m/aprendizaje/index.html[22m [2m(+7ms)[22m 
[2m11:50:23[22m   [34mÔö£ÔöÇ[39m [2m/tecnolog├¡a/index.html[22m [2m(+6ms)[22m 
[2m11:50:23[22m   [34mÔö£ÔöÇ[39m [2m/interactividad/index.html[22m [2m(+5ms)[22m 
[2m11:50:23[22m   [34mÔö£ÔöÇ[39m [2m/gamificaci├│n/index.html[22m [2m(+7ms)[22m 
[2m11:50:23[22m   [34mÔö£ÔöÇ[39m [2m/evaluaci├│n/index.html[22m [2m(+6ms)[22m 
[2m11:50:23[22m   [34mÔö£ÔöÇ[39m [2m/markdown/index.html[22m [2m(+5ms)[22m 
[2m11:50:23[22m   [34mÔö£ÔöÇ[39m [2m/gu├¡a/index.html[22m [2m(+5ms)[22m 
[2m11:50:23[22m   [34mÔööÔöÇ[39m [2m/c├│digo/index.html[22m [2m(+5ms)[22m 
[2m11:50:23[22m [32mÔûÂ[39m src/pages/index.astro
[2m11:50:23[22m   [34mÔööÔöÇ[39m [2m/index.html[22m [2m(+5ms)[22m 
[2m11:50:23[22m [32mÔ£ô Completed in 223ms.
[39m
[42m[30m generating optimized images [39m[49m
[2m11:50:23[22m   [32mÔûÂ[39m /_astro/photo-1516321318423-f06f85e504b3_Z1T5WbY.webp [2m(reused cache entry)[22m [2m(+5ms)[22m [2m(1/4)[22m
[2m11:50:23[22m   [32mÔûÂ[39m /_astro/photo-1531482615713-2afd69097998_1mg1ih.webp [2m(reused cache entry)[22m [2m(+6ms)[22m [2m(2/4)[22m
[2m11:50:23[22m   [32mÔûÂ[39m /_astro/blog-placeholder-1.Bx0Zcyzv_Z1v5W1C.webp [2m(reused cache entry)[22m [2m(+6ms)[22m [2m(3/4)[22m
[2m11:50:23[22m   [32mÔûÂ[39m /_astro/photo-1543269865-cbf427effbad_m67gm.webp [2m(reused cache entry)[22m [2m(+6ms)[22m [2m(4/4)[22m
[2m11:50:23[22m [32mÔ£ô Completed in 8ms.
[39m
[2m11:50:23[22m [34m[@astrojs/sitemap][39m `sitemap-index.xml` created at `dist`
[2m11:50:23[22m [34m[build][39m 14 page(s) built in [1m4.06s[22m
[2m11:50:23[22m [34m[build][39m [1mComplete![22m
